// Vitest Snapshot v1, https://vitest.dev/guide/snapshot.html

exports[`api-test > common快照-1 1`] = `
{
  "coolness": 100,
  "favoriteFood": "mifan",
  "name": "lisi",
  "project": [
    "c",
    "d",
  ],
  "userName": "ls",
}
`;
